src/components/ui/accordion.tsx(2,37): error TS2307: Cannot find module '@radix-ui/react-accordion' or its corresponding type declarations.
src/components/ui/alert-dialog.tsx(2,39): error TS2307: Cannot find module '@radix-ui/react-alert-dialog' or its corresponding type declarations.
src/components/ui/aspect-ratio.tsx(1,39): error TS2307: Cannot find module '@radix-ui/react-aspect-ratio' or its corresponding type declarations.
src/components/ui/calendar.tsx(5,60): error TS2307: Cannot find module 'react-day-picker' or its corresponding type declarations.
src/components/ui/calendar.tsx(35,31): error TS7006: Parameter 'date' implicitly has an 'any' type.
src/components/ui/calendar.tsx(108,18): error TS7031: Binding element 'className' implicitly has an 'any' type.
src/components/ui/calendar.tsx(108,29): error TS7031: Binding element 'rootRef' implicitly has an 'any' type.
src/components/ui/calendar.tsx(111,21): error TS7031: Binding element 'className' implicitly has an 'any' type.
src/components/ui/calendar.tsx(111,32): error TS7031: Binding element 'orientation' implicitly has an 'any' type.
src/components/ui/calendar.tsx(123,24): error TS7031: Binding element 'children' implicitly has an 'any' type.
src/components/ui/carousel.tsx(2,61): error TS2307: Cannot find module 'embla-carousel-react' or its corresponding type declarations.
src/components/ui/chart.tsx(109,7): error TS2339: Property 'payload' does not exist on type 'Omit<Omit<Props<ValueType, NameType>, PropertiesReadFromContext> & { active?: boolean | undefined; allowEscapeViewBox?: AllowInDimension | undefined; ... 24 more ...; wrapperStyle?: CSSProperties | undefined; } & ClassAttributes<...> & HTMLAttributes<...> & { ...; }, "ref">'.
src/components/ui/chart.tsx(114,7): error TS2339: Property 'label' does not exist on type 'Omit<Omit<Props<ValueType, NameType>, PropertiesReadFromContext> & { active?: boolean | undefined; allowEscapeViewBox?: AllowInDimension | undefined; ... 24 more ...; wrapperStyle?: CSSProperties | undefined; } & ClassAttributes<...> & HTMLAttributes<...> & { ...; }, "ref">'.
src/components/ui/chart.tsx(169,22): error TS7006: Parameter 'item' implicitly has an 'any' type.
src/components/ui/chart.tsx(170,19): error TS7006: Parameter 'item' implicitly has an 'any' type.
src/components/ui/chart.tsx(170,25): error TS7006: Parameter 'index' implicitly has an 'any' type.
src/components/ui/chart.tsx(246,41): error TS2344: Type '"payload" | "verticalAlign"' does not satisfy the constraint '"string" | "method" | "filter" | "fill" | "values" | "children" | "className" | "to" | "origin" | "path" | "onClick" | "onSubmit" | "href" | "type" | "color" | "onChange" | "mask" | ... 433 more ... | "onBBoxUpdate"'.
  Type '"payload"' is not assignable to type '"string" | "method" | "filter" | "fill" | "values" | "children" | "className" | "to" | "origin" | "path" | "onClick" | "onSubmit" | "href" | "type" | "color" | "onChange" | "mask" | ... 433 more ... | "onBBoxUpdate"'.
src/components/ui/chart.tsx(253,17): error TS2339: Property 'length' does not exist on type '{}'.
src/components/ui/chart.tsx(267,10): error TS2339: Property 'filter' does not exist on type '{}'.
src/components/ui/chart.tsx(267,18): error TS7006: Parameter 'item' implicitly has an 'any' type.
src/components/ui/chart.tsx(268,15): error TS7006: Parameter 'item' implicitly has an 'any' type.
src/components/ui/checkbox.tsx(2,36): error TS2307: Cannot find module '@radix-ui/react-checkbox' or its corresponding type declarations.
src/components/ui/collapsible.tsx(3,39): error TS2307: Cannot find module '@radix-ui/react-collapsible' or its corresponding type declarations.
src/components/ui/command.tsx(4,34): error TS2307: Cannot find module '@radix-ui/react-dialog' or its corresponding type declarations.
src/components/ui/command.tsx(5,45): error TS2307: Cannot find module 'cmdk' or its corresponding type declarations.
src/components/ui/context-menu.tsx(2,39): error TS2307: Cannot find module '@radix-ui/react-context-menu' or its corresponding type declarations.
src/components/ui/dialog.tsx(4,34): error TS2307: Cannot find module '@radix-ui/react-dialog' or its corresponding type declarations.
src/components/ui/drawer.tsx(2,43): error TS2307: Cannot find module 'vaul' or its corresponding type declarations.
src/components/ui/dropdown-menu.tsx(4,40): error TS2307: Cannot find module '@radix-ui/react-dropdown-menu' or its corresponding type declarations.
src/components/ui/form.tsx(2,33): error TS2307: Cannot find module '@radix-ui/react-label' or its corresponding type declarations.
src/components/ui/form.tsx(11,8): error TS2307: Cannot find module 'react-hook-form' or its corresponding type declarations.
src/components/ui/hover-card.tsx(2,37): error TS2307: Cannot find module '@radix-ui/react-hover-card' or its corresponding type declarations.
src/components/ui/input-otp.tsx(2,43): error TS2307: Cannot find module 'input-otp' or its corresponding type declarations.
src/components/ui/input-otp.tsx(36,44): error TS18046: 'inputOTPContext' is of type 'unknown'.
src/components/ui/label.tsx(4,33): error TS2307: Cannot find module '@radix-ui/react-label' or its corresponding type declarations.
src/components/ui/menubar.tsx(2,35): error TS2307: Cannot find module '@radix-ui/react-menubar' or its corresponding type declarations.
src/components/ui/navigation-menu.tsx(2,42): error TS2307: Cannot find module '@radix-ui/react-navigation-menu' or its corresponding type declarations.
src/components/ui/popover.tsx(2,35): error TS2307: Cannot find module '@radix-ui/react-popover' or its corresponding type declarations.
src/components/ui/progress.tsx(4,36): error TS2307: Cannot find module '@radix-ui/react-progress' or its corresponding type declarations.
src/components/ui/radio-group.tsx(2,38): error TS2307: Cannot find module '@radix-ui/react-radio-group' or its corresponding type declarations.
src/components/ui/resizable.tsx(2,41): error TS2307: Cannot find module 'react-resizable-panels' or its corresponding type declarations.
src/components/ui/scroll-area.tsx(2,38): error TS2307: Cannot find module '@radix-ui/react-scroll-area' or its corresponding type declarations.
src/components/ui/select.tsx(4,34): error TS2307: Cannot find module '@radix-ui/react-select' or its corresponding type declarations.
src/components/ui/separator.tsx(2,37): error TS2307: Cannot find module '@radix-ui/react-separator' or its corresponding type declarations.
src/components/ui/sheet.tsx(4,33): error TS2307: Cannot find module '@radix-ui/react-dialog' or its corresponding type declarations.
src/components/ui/sheet.tsx(60,22): error TS2339: Property 'className' does not exist on type 'SheetContentProps'.
src/components/ui/sheet.tsx(60,33): error TS2339: Property 'children' does not exist on type 'SheetContentProps'.
src/components/ui/sidebar.tsx(192,12): error TS2322: Type '{ children: Element[]; "data-sidebar": string; "data-mobile": string; className: string; style: CSSProperties; side: "left" | "right"; }' is not assignable to type 'IntrinsicAttributes & SheetContentProps & RefAttributes<any>'.
  Property 'children' does not exist on type 'IntrinsicAttributes & SheetContentProps & RefAttributes<any>'.
src/components/ui/slider.tsx(2,34): error TS2307: Cannot find module '@radix-ui/react-slider' or its corresponding type declarations.
src/components/ui/switch.tsx(2,35): error TS2307: Cannot find module '@radix-ui/react-switch' or its corresponding type declarations.
src/components/ui/tabs.tsx(2,32): error TS2307: Cannot find module '@radix-ui/react-tabs' or its corresponding type declarations.
src/components/ui/toggle-group.tsx(4,39): error TS2307: Cannot find module '@radix-ui/react-toggle-group' or its corresponding type declarations.
src/components/ui/toggle.tsx(2,34): error TS2307: Cannot find module '@radix-ui/react-toggle' or its corresponding type declarations.
src/components/ui/tooltip.tsx(4,35): error TS2307: Cannot find module '@radix-ui/react-tooltip' or its corresponding type declarations.
src/lib/api-client.ts(4,24): error TS2339: Property 'env' does not exist on type 'ImportMeta'.
src/lib/api/example.functions.ts(1,32): error TS2307: Cannot find module '@tanstack/react-start' or its corresponding type declarations.
src/lib/api/example.functions.ts(16,21): error TS7031: Binding element 'data' implicitly has an 'any' type.
src/pages/admin/Customers.tsx(9,33): error TS6133: 'isLoading' is declared but its value is never read.
src/pages/admin/Drivers.tsx(14,31): error TS6133: 'isLoading' is declared but its value is never read.
src/pages/admin/Finance.tsx(16,36): error TS6133: 'isLoading' is declared but its value is never read.
src/pages/admin/Trips.tsx(15,29): error TS6133: 'isLoading' is declared but its value is never read.
src/server.ts(14,33): error TS2307: Cannot find module '@tanstack/react-start/server-entry' or its corresponding type declarations.
src/start.ts(1,47): error TS2307: Cannot find module '@tanstack/react-start' or its corresponding type declarations.
src/start.ts(5,60): error TS7031: Binding element 'next' implicitly has an 'any' type.
